.*: Failed to tamper with process [[:digit:]]+: couldn't poke
.*: cannot poke unaligned data len 7
